#-----------------------------------------------------------
# Vivado v2020.1 (64-bit)
# SW Build 2902540 on Wed May 27 19:54:49 MDT 2020
# IP Build 2902112 on Wed May 27 22:43:36 MDT 2020
# Start of session at: Fri Feb 17 15:52:42 2023
# Process ID: 29560
# Current directory: E:/GitHub/zybo-z7-10-Audio-Project/hw
# Command line: vivado.exe -gui_launcher_event rodinguilauncherevent30316 E:\GitHub\zybo-z7-10-Audio-Project\hw\hw.xpr
# Log file: E:/GitHub/zybo-z7-10-Audio-Project/hw/vivado.log
# Journal file: E:/GitHub/zybo-z7-10-Audio-Project/hw\vivado.jou
#-----------------------------------------------------------
start_gui
open_project E:/GitHub/zybo-z7-10-Audio-Project/hw/hw.xpr
update_compile_order -fileset sources_1
open_bd_design {E:/GitHub/zybo-z7-10-Audio-Project/hw/hw.srcs/sources_1/bd/system/system.bd}
regenerate_bd_layout
reset_run synth_1
launch_runs impl_1 -to_step write_bitstream -jobs 4
wait_on_run impl_1
open_run impl_1
set_property pfm_name {} [get_files -all {E:/GitHub/zybo-z7-10-Audio-Project/hw/hw.srcs/sources_1/bd/system/system.bd}]
write_hw_platform -fixed -include_bit -force -file E:/GitHub/zybo-z7-10-Audio-Project/hw/system_wrapper.xsa
