Nothing to build in platform 'system_wrapper'

16:34:42 **** Incremental Build of configuration Debug for project Zybo-Z7-10-DMA ****
make all 
make --no-print-directory pre-build
a9-linaro-pre-build-step
' '
make --no-print-directory main-build
'Building file: ../src/demo.c'
'Invoking: ARM v7 gcc compiler'
arm-none-eabi-gcc -Wall -O0 -g3 -ID:/Github/Zybo-Z7/sw/src/Zybo-Z7-10-DMA/src -c -fmessage-length=0 -MT"src/demo.o" -mcpu=cortex-a9 -mfpu=vfpv3 -mfloat-abi=hard -IE:/GitHub/zybo-z7-10-Audio-Project/system_wrapper/export/system_wrapper/sw/system_wrapper/domain_ps7_cortexa9_0/bspinclude/include -MMD -MP -MF"src/demo.d" -MT"src/demo.o" -o "src/demo.o" "../src/demo.c"
In file included from ../src/demo.c:47:
E:/GitHub/zybo-z7-10-Audio-Project/system_wrapper/export/system_wrapper/sw/system_wrapper/domain_ps7_cortexa9_0/bspinclude/include/xtime_l.h:65:9: note: #pragma message: For the sleep routines, Global timer is being used
   65 | #pragma message ("For the sleep routines, Global timer is being used")
      |         ^~~~~~~
'Finished building: ../src/demo.c'
' '
'Building target: Zybo-Z7-10-DMA.elf'
'Invoking: ARM v7 gcc linker'
arm-none-eabi-gcc -mcpu=cortex-a9 -mfpu=vfpv3 -mfloat-abi=hard -Wl,-build-id=none -specs=Xilinx.spec -Wl,-T -Wl,../src/lscript.ld -LE:/GitHub/zybo-z7-10-Audio-Project/system_wrapper/export/system_wrapper/sw/system_wrapper/domain_ps7_cortexa9_0/bsplib/lib -o "Zybo-Z7-10-DMA.elf"  ./src/userio/userio.o  ./src/intc/intc.o  ./src/iic/iic.o  ./src/dma/dma.o  ./src/audio/audio.o  ./src/demo.o ./src/platform.o   -Wl,--start-group,-lxil,-lgcc,-lc,--end-group
'Finished building target: Zybo-Z7-10-DMA.elf'
' '
'Invoking: ARM v7 Print Size'
arm-none-eabi-size Zybo-Z7-10-DMA.elf  |tee "Zybo-Z7-10-DMA.elf.size"
   text	   data	    bss	    dec	    hex	filename
  52812	   3088	  24680	  80580	  13ac4	Zybo-Z7-10-DMA.elf
'Finished building: Zybo-Z7-10-DMA.elf.size'
' '
