00:13:34 **** Build of configuration Debug for project Zybo-Z7-10-DMA ****
make all 
make --no-print-directory pre-build
a9-linaro-pre-build-step
' '
make --no-print-directory main-build
'Building file: ../src/userio/userio.c'
'Invoking: ARM v7 gcc compiler'
arm-none-eabi-gcc -Wall -O0 -g3 -ID:/Github/Zybo-Z7/sw/src/Zybo-Z7-10-DMA/src -c -fmessage-length=0 -MT"src/userio/userio.o" -mcpu=cortex-a9 -mfpu=vfpv3 -mfloat-abi=hard -IC:/Users/Jason/workspace/system_wrapper/export/system_wrapper/sw/system_wrapper/domain_ps7_cortexa9_0/bspinclude/include -MMD -MP -MF"src/userio/userio.d" -MT"src/userio/userio.o" -o "src/userio/userio.o" "../src/userio/userio.c"
'Finished building: ../src/userio/userio.c'
' '
'Building file: ../src/intc/intc.c'
'Invoking: ARM v7 gcc compiler'
arm-none-eabi-gcc -Wall -O0 -g3 -ID:/Github/Zybo-Z7/sw/src/Zybo-Z7-10-DMA/src -c -fmessage-length=0 -MT"src/intc/intc.o" -mcpu=cortex-a9 -mfpu=vfpv3 -mfloat-abi=hard -IC:/Users/Jason/workspace/system_wrapper/export/system_wrapper/sw/system_wrapper/domain_ps7_cortexa9_0/bspinclude/include -MMD -MP -MF"src/intc/intc.d" -MT"src/intc/intc.o" -o "src/intc/intc.o" "../src/intc/intc.c"
'Finished building: ../src/intc/intc.c'
' '
'Building file: ../src/iic/iic.c'
'Invoking: ARM v7 gcc compiler'
arm-none-eabi-gcc -Wall -O0 -g3 -ID:/Github/Zybo-Z7/sw/src/Zybo-Z7-10-DMA/src -c -fmessage-length=0 -MT"src/iic/iic.o" -mcpu=cortex-a9 -mfpu=vfpv3 -mfloat-abi=hard -IC:/Users/Jason/workspace/system_wrapper/export/system_wrapper/sw/system_wrapper/domain_ps7_cortexa9_0/bspinclude/include -MMD -MP -MF"src/iic/iic.d" -MT"src/iic/iic.o" -o "src/iic/iic.o" "../src/iic/iic.c"
'Finished building: ../src/iic/iic.c'
' '
'Building file: ../src/dma/dma.c'
'Invoking: ARM v7 gcc compiler'
arm-none-eabi-gcc -Wall -O0 -g3 -ID:/Github/Zybo-Z7/sw/src/Zybo-Z7-10-DMA/src -c -fmessage-length=0 -MT"src/dma/dma.o" -mcpu=cortex-a9 -mfpu=vfpv3 -mfloat-abi=hard -IC:/Users/Jason/workspace/system_wrapper/export/system_wrapper/sw/system_wrapper/domain_ps7_cortexa9_0/bspinclude/include -MMD -MP -MF"src/dma/dma.d" -MT"src/dma/dma.o" -o "src/dma/dma.o" "../src/dma/dma.c"
'Finished building: ../src/dma/dma.c'
' '
'Building file: ../src/audio/audio.c'
'Invoking: ARM v7 gcc compiler'
arm-none-eabi-gcc -Wall -O0 -g3 -ID:/Github/Zybo-Z7/sw/src/Zybo-Z7-10-DMA/src -c -fmessage-length=0 -MT"src/audio/audio.o" -mcpu=cortex-a9 -mfpu=vfpv3 -mfloat-abi=hard -IC:/Users/Jason/workspace/system_wrapper/export/system_wrapper/sw/system_wrapper/domain_ps7_cortexa9_0/bspinclude/include -MMD -MP -MF"src/audio/audio.d" -MT"src/audio/audio.o" -o "src/audio/audio.o" "../src/audio/audio.c"
'Finished building: ../src/audio/audio.c'
' '
'Building file: ../src/demo.c'
'Invoking: ARM v7 gcc compiler'
arm-none-eabi-gcc -Wall -O0 -g3 -ID:/Github/Zybo-Z7/sw/src/Zybo-Z7-10-DMA/src -c -fmessage-length=0 -MT"src/demo.o" -mcpu=cortex-a9 -mfpu=vfpv3 -mfloat-abi=hard -IC:/Users/Jason/workspace/system_wrapper/export/system_wrapper/sw/system_wrapper/domain_ps7_cortexa9_0/bspinclude/include -MMD -MP -MF"src/demo.d" -MT"src/demo.o" -o "src/demo.o" "../src/demo.c"
In file included from ../src/demo.c:47:
C:/Users/Jason/workspace/system_wrapper/export/system_wrapper/sw/system_wrapper/domain_ps7_cortexa9_0/bspinclude/include/xtime_l.h:65:9: note: #pragma message: For the sleep routines, Global timer is being used
   65 | #pragma message ("For the sleep routines, Global timer is being used")
      |         ^~~~~~~
'Finished building: ../src/demo.c'
' '
'Building file: ../src/platform.c'
'Invoking: ARM v7 gcc compiler'
arm-none-eabi-gcc -Wall -O0 -g3 -ID:/Github/Zybo-Z7/sw/src/Zybo-Z7-10-DMA/src -c -fmessage-length=0 -MT"src/platform.o" -mcpu=cortex-a9 -mfpu=vfpv3 -mfloat-abi=hard -IC:/Users/Jason/workspace/system_wrapper/export/system_wrapper/sw/system_wrapper/domain_ps7_cortexa9_0/bspinclude/include -MMD -MP -MF"src/platform.d" -MT"src/platform.o" -o "src/platform.o" "../src/platform.c"
'Finished building: ../src/platform.c'
' '
'Building target: Zybo-Z7-10-DMA.elf'
'Invoking: ARM v7 gcc linker'
arm-none-eabi-gcc -mcpu=cortex-a9 -mfpu=vfpv3 -mfloat-abi=hard -Wl,-build-id=none -specs=Xilinx.spec -Wl,-T -Wl,../src/lscript.ld -LC:/Users/Jason/workspace/system_wrapper/export/system_wrapper/sw/system_wrapper/domain_ps7_cortexa9_0/bsplib/lib -o "Zybo-Z7-10-DMA.elf"  ./src/userio/userio.o  ./src/intc/intc.o  ./src/iic/iic.o  ./src/dma/dma.o  ./src/audio/audio.o  ./src/demo.o ./src/platform.o   -Wl,--start-group,-lxil,-lgcc,-lc,--end-group
'Finished building target: Zybo-Z7-10-DMA.elf'
' '
'Invoking: ARM v7 Print Size'
arm-none-eabi-size Zybo-Z7-10-DMA.elf  |tee "Zybo-Z7-10-DMA.elf.size"
   text	   data	    bss	    dec	    hex	filename
  53340	   3104	  24696	  81140	  13cf4	Zybo-Z7-10-DMA.elf
'Finished building: Zybo-Z7-10-DMA.elf.size'
' '

00:13:37 Build Finished (took 3s.412ms)

